24 19 0 5 25 0 1 0 2 6 17 20 0 1 0 2 6 8 16 22 0 0 22 15 -1 0 1 0 2 10 7 18 40 0 1 0 2 7 16 42 0 1 22 15 -1 0 1 0 1 7 8 17 62 0 1 0 1 10 7 8 16 64 0 0 22 15 -1 0 1 0 0 10 7 8 22 15 -1 15 0 21 -1